// Jest Snapshot v1, https://goo.gl/fbAQLP

exports[`<PageBody /> render() rendres the component 1`] = `
<div
  className="pz-page-body"
>
  <h1>
    Page body
  </h1>
  <div>
    Application body
  </div>
</div>
`;
